// Jest Snapshot v1, https://goo.gl/fbAQLP

exports[`Menu should match snapshot. 1`] = `
<div
  aria-label="Zoom in"
  className="tm-zoom in"
  onClick={[Function]}
  onKeyPress={[Function]}
  role="button"
  tabIndex="0"
  title="Zoom in"
>
  +
</div>
`;
