// Jest Snapshot v1, https://goo.gl/fbAQLP

exports[`ResponsiveNavSideBarItem should match snapshot. 1`] = `null`;