// Jest Snapshot v1, https://goo.gl/fbAQLP

exports[`ResponsiveNavSideBar should match snapshot. 1`] = `null`;