// Jest Snapshot v1, https://goo.gl/fbAQLP

exports[`CanvasSaveButton Extra data - canvas overlays copyright fillStyle 1`] = `
<canvas
  data-snapshot-image="data:image/png;base64,iVBORw0KGgoAAAANSUhEUgAAA4YAAAHECAYAAABlfDRDAAAABmJLR0QA/wD/AP+gvaeTAAAO1klEQVR4nO3db6hfdQHH8c90TJ1EoZQi02y3aY0pJcVQN8OlhQlpuDTFFEWWup7UA4UCwcAVaNB6tiYqglbaIExx4DIq8U/bTA38V0qigll7ULIRYrs9+DKuw7vNOwO3Pq8XHPid3zm/8z3nPnvzPefcWZOTk5MBAACg1gHv9wkAAADw/hKGAAAA5YQhAABAOWEIAABQThgCAACUE4YAAADlhCEAAEA5YQgAAFBOGAIAAJQThgAAAOWEIQAAQDlhCAAAUE4YAgAAlBOGAAAA5YQhAABAOWEIAABQThgCAACUE4YAAADlhCEAAEA5YQgAAFBOGAIAAJQThgAAAOWEIQAAQDlhCAAAUE4YAgAAlBOGAAAA5YQhAABAOWEIAABQThgCAACUE4YAAADlhCEAAEA5YQgAAFBOGAIAAJQThgAAAOWEIQAAQDlhCAAAUE4YAgAAlBOGAAAA5YQhAABAOWEIAABQThgCAACUE4YAAADlhCEAAEA5YQgAAFBOGAIAAJQThgAAAOWEIQAAQDlhCAAAUE4YAgAAlBOGAAAA5YQhAABAOWEIAABQThgCAACUE4YAAADlhCEAAEA5YQgAAFBOGAIAAJQThgAAAOWEIQAAQDlhCAAAUE4YAgAAlBOGAAAA5YQhAABAOWEIAABQThgCAACUE4YAAADlhCEAAEA5YQgAAFBOGAIAAJQThgAAAOWEIQAAQDlhCAAAUE4YAgAAlBOGAAAA5YQhAABAOWEIAABQThgCAACUE4YAAADlhCEAAEA5YQgAAFBOGAIAAJQThgAAAOWEIQAAQDlhCAAAUE4YAgAAlBOGAAAA5YQhAABAOWEIAABQThgCAACUE4YAAADlhCEAAEA5YQgAAFBOGAIAAJQThgAAAOWEIQAAQDlhCAAAUE4YAgAAlBOGAAAA5YQhAABAOWEIAABQThgCAACUE4YAAADlhCEAAEA5YQgAAFBOGAIAAJQThgAAAOWEIQAAQDlhCAAAUE4YAgAAlBOGAAAA5YQhAABAOWEIAABQThgCAACUE4YAAADlhCEAAEA5YQgAAFBOGAIAAJQThgAAAOWEIQAAQDlhCAAAUE4YAgAAlBOGAAAA5YQhAABAOWEIAABQThgCAACUE4YAAADlhCEAAEA5YQgAAFBOGAIAAJQThgAAAOWEIQAAQDlhCAAAUE4YAgAAlBOGAAAA5YQhAABAOWEIAABQThgCAACUE4YAAADlhCEAAEA5YQgAAFBOGAIAAJQThgAAAOWEIQAAQDlhCAAAUE4YAgAAlBOGAAAA5YQhAABAOWEIAABQThgCAACUE4YAAADlhCEAAEA5YQgAAFBOGAIAAJQThgAAAOWEIQAAQDlhCAAAUE4YAgAAlBOGAAAA5YQhAABAOWEIAABQThgCAACUE4YAAADlhCEAAEA5YQgAAFBOGAIAAJQThgAAAOWEIQAAQDlhCAAAUE4YAgAAlBOGAAAA5YQhAABAOWEIAABQThgCAACUE4YAAADlhCEAAEA5YQgAAFBOGAIAAJQThgAAAOWEIQAAQDlhCAAAUE4YAgAAlBOGAAAA5YQhAABAOWEIAABQThgCAACUE4YAAADlhCEAAEA5YQgAAFBOGAIAAJQThgAAAOWEIQAAQDlhCAAAUE4YAgAAlBOGAAAA5YQhAABAOWEIAABQThgCAACUE4YAAADlhCEAAEA5YQgAAFBOGAIAAJQThgAAAOWEIQAAQDlhCAAAUE4YAgAAlBOGAAAA5YQhAABAOWEIAABQThgCAACUE4YAAADlhCEAAEA5YQgAAFBOGAIAAJQThgAAAOWEIQAAQDlhCAAAUE4YAgAAlBOGAAAA5YQhAABAOWEIAABQThgCAACUE4YAAADlhCEAAEA5YQgAAFBOGAIAAJQThgAAAOWEIQAAQDlhCAAAUE4YAgAAlBOGAAAA5YQhAABAOWEIAABQThgCAACUE4YAAADlhCEAAEA5YQgAAFBOGAIAAJQThgAAAOWEIQAAQDlhCAAAUE4YAgAAlBOGAAAA5YQhAABAOWEIAABQThgCAACUE4YAAADlhCEAAEA5YQgAAFBOGAIAAJQThgAAAOWEIQAAQDlhCAAAUE4YAgAAlBOGAAAA5YQhAABAOWEIAABQThgCAACUE4YAAADlhCEAAEA5YQgAAFBOGAIAAJQThgAAAOWEIQAAQDlhCAAAUE4YAgAAlBOGAAAA5YQhAABAOWEIAABQThgCAACUE4YAAADlhCEAAEA5YQgAAFBOGAIAAJQThgAAAOWEIQAAQDlhCAAAUE4YAgAAlBOGAAAA5YQhAABAOWEIAABQThgCAACUE4YAAADlhCEAAEA5YQgAAFBOGAIAAJQThgAAAOWEIQAAQDlhCAAAUE4YAgAAlBOGAAAA5YQhAABAOWEIAABQThgCAACUE4YAAADlhCEAAEA5YQgAAFBOGAIAAJQThgAAAOWEIQAAQDlhCAAAUE4YAgAAlBOGAAAA5YQhAABAOWEIAABQThgCAACUE4YAAADlhCEAAEA5YQgAAFBOGAIAAJQThgAAAOWEIQAAQDlhCAAAUE4YAgAAlBOGAAAA5YQhAABAOWEIAABQThgCAACUE4YAAADlhCEAAEA5YQgAAFBOGAIAAJQThgAAAOWEIQAAQDlhCAAAUE4YAgAAlBOGAAAA5YQhAABAOWEIAABQThgCAACUE4YAAADlhCEAAEA5YQgAAFBOGAIAAJQThgAAAOWEIQAAQDlhCAAAUE4YAgAAlBOGAAAA5YQhAABAOWEIAABQThgCAACUE4YAAADlhCEAAEA5YQgAAFBOGAIAAJQThgAAAOWEIQAAQDlhCAAAUE4YAgAAlBOGAAAA5YQhAABAOWEIAABQThgCAACUE4YAAADlhCEAAEA5YQgAAFBOGAIAAJQThgAAAOWEIQAAQDlhCAAAUE4YAgAAlBOGAAAA5YQhAABAOWEIAABQThgCAACUE4YAAADlhCEAAEA5YQgAAFBOGAIAAJQThgAAAOWEIQAAQDlhCAAAUE4YAgAAlBOGAAAA5YQhAABAOWEIAABQThgCAACUE4YAAADlhCEAAEA5YQgAAFBOGAIAAJQThgAAAOWEIQAAQDlhCAAAUE4YAgAAlBOGAAAA5YQhAABAOWEIAABQThgCAACUE4YAAADlhCEAAEA5YQgAAFBOGAIAAJQThgAAAOWEIQAAQDlhCAAAUE4YAgAAlBOGAAAA5YQhAABAOWEIAABQThgCAACUE4YAAADlhCEAAEA5YQgAAFBOGAIAAJQThgAAAOWEIQAAQDlhCAAAUE4YAgAAlBOGAAAA5YQhAABAOWEIAABQThgCAACUE4YAAADlhCEAAEA5YQgAAFBOGAIAAJQThgAAAOWEIQAAQDlhCAAAUE4YAgAAlBOGAAAA5YQhAABAOWEIAABQThgCAACUE4YAAADlhCEAAEA5YQgAAFBOGAIAAJQThgAAAOWEIQAAQDlhCAAAUE4YAgAAlBOGAAAA5YQhAABAOWEIAABQThgCAACUE4YAAADlpg3Ds85KZs2afnnttZkPsn17smxZ8u9/v3PbW28lN92ULFyYfPjDyTHHJN/5TvLmmzMfZ29s2pQsWPDu9vvkJ6fftrvrAwAA2NdNG4b3359MTo5l3rzkN7+ZWj/yyJkPsn37OMZ0VqxI7r03+dWvkr//Pdm4cSzf+MbMx9kbJ5yQPPjgezvG7q4PAABgX7dXt5L+7GfJZz+bfPrTyemnJ08+Ob7/17+Sr3wlOf74se3aa0dMXnHF2H7KKcmWLVPHef755Pbbk7vuSiYmxndHHJHcemuydOnUfmvWJIsWJSeemJx5ZvLss+P7TZvG9+efnyxfnixZkmzePLatWDFmHne4445xbo8+mnzmM8nJJycf/eiI0GXLpva78cbk4x9PTjop+da3ko99bGrbtm3JxReP7ccdNxWUu7o+AACA/cGMw/Dxx5Pvfz/ZsCH54x+TH/wgOeecMWu2bl0ye3by3HPJY48lf/tb8soryc03j98+/HBy+OFTx9q4cUTWRz6y8xjz5iWXXz4+P/BAsmpV8utfJ089lVx66RjvrbfG9ueeS667LvnFL5IbbkguvHDE6NVXJ7fdNrXfT36SXHnl1DWsXTt+e/DBU+Nu2DC+/8MfRmBu27bzeb38cnLZZclf/pJ8+9vj2pNdXx8AAMD+YMZhuH598te/jhm1iYnkoouSN94Y0XTaackjjyRnnJGsXj1m7I4+ejeDH5Accsjux/v978ds4BFHjPWLL07+8Y/kz38e64sWjSVJPve55PXXkxdfTD71qWT+/OS++5JnnklefXXMNiYjPBct2jkKk3EL7fLlyWGHjecpv/nNnbcfdVTy+c+Pz4sXJy+9tMc/FwAAwD5vxmH4n/8kX/5y8sILU8sTT4wAnJgY69dcM0Js6dIx07crixcnTz89Qu/tXn11RN7WrWMmcjo7ZgLfbnJyvLTmwAPH+sqVyS23jGXFihGiSfLBD05/zNmzdz1eknzgA1OfZ83a/b4AAAD7ixmH4Re+kNxzz9Rzfj//eXLqqSOSVq9OrrpqzMz96EcjDJ94YoTanDnvvDVz/vzkgguSr31tzEImY+bxkkvG83+HHpp88YvjNtEdb0O9884xy7jjDaF/+tO49TMZt45OTCTHHjvWzztvjL9u3bgFdE/OPnvsu2XLiMy1a9/d32RX1wcAALA/mD3THyxenPz4x8lXvzqCaO7c5Je/HLNtl102loULR7wtWDBm6mbNSs49d7yw5aGHkk98Yup4N9+cfO974xbNf/5zHO+ii5Lrrx/bly5NvvvdEaTbt49n+O67b4yXjLekrlo1Zio/9KHk7runjj1nzojD118f/wpjT047bdw+umRJctBB43bTuXP3/LvdXR8AAMC+btbk5OTk+30Se2vTpuTrXx/PEE5n69YRlmvWjLeo7snmzeOtpStXjvUf/nCM8dOf/u/OGQAAYF+zV/+uYn+wfv147vFLX3p3UZiMGb/f/W7cjjoxkfz2tyMOAQAA/p/t1zOGAAAAvHf/tzOGAAAAvDvCEAAAoNx/AUkQa4M6jt2CAAAAAElFTkSuQmCC"
  height="452"
  width="902"
/>
`;

exports[`CanvasSaveButton Extra data - canvas overlays copyright font 1`] = `
<canvas
  data-snapshot-image="data:image/png;base64,iVBORw0KGgoAAAANSUhEUgAAA4YAAAHECAYAAABlfDRDAAAABmJLR0QA/wD/AP+gvaeTAAAPs0lEQVR4nO3dX2jWdf/H8fd+Fq6R1cEg6CSbtbmlzo0WokiLMls51h+KTiQWFUEHCRkUGkMoIhCyAxGKwjypg8h/FEE7yUqIITtKO2hTEWQdhIKks1y7D+Iet7dl6v370b3f6/E4urbPZ5/r+z588rm41jA9PT1dAAAAxPqfv/sBAAAA+HsJQwAAgHDCEAAAIJwwBAAACCcMAQAAwglDAACAcMIQAAAgnDAEAAAIJwwBAADCCUMAAIBwwhAAACCcMAQAAAgnDAEAAMIJQwAAgHDCEAAAIJwwBAAACCcMAQAAwglDAACAcMIQAAAgnDAEAAAIJwwBAADCCUMAAIBwwhAAACCcMAQAAAgnDAEAAMIJQwAAgHDCEAAAIJwwBAAACCcMAQAAwglDAACAcMIQAAAgnDAEAAAIJwwBAADCCUMAAIBwwhAAACCcMAQAAAgnDAEAAMIJQwAAgHDCEAAAIJwwBAAACCcMAQAAwglDAACAcMIQAAAgnDAEAAAIJwwBAADCCUMAAIBwwhAAACCcMAQAAAgnDAEAAMIJQwAAgHDCEAAAIJwwBAAACCcMAQAAwglDAACAcMIQAAAgnDAEAAAIJwwBAADCCUMAAIBwwhAAACCcMAQAAAgnDAEAAMIJQwAAgHDCEAAAIJwwBAAACCcMAQAAwglDAACAcMIQAAAgnDAEAAAIJwwBAADCCUMAAIBwwhAAACCcMAQAAAgnDAEAAMIJQwAAgHDCEAAAIJwwBAAACCcMAQAAwglDAACAcMIQAAAgnDAEAAAIJwwBAADCCUMAAIBwwhAAACCcMAQAAAgnDAEAAMIJQwAAgHDCEAAAIJwwBAAACCcMAQAAwglDAACAcMIQAAAgnDAEAAAIJwwBAADCCUMAAIBwwhAAACCcMAQAAAgnDAEAAMIJQwAAgHDCEAAAIJwwBAAACCcMAQAAwglDAACAcMIQAAAgnDAEAAAIJwwBAADCCUMAAIBwwhAAACCcMAQAAAgnDAEAAMIJQwAAgHDCEAAAIJwwBAAACCcMAQAAwglDAACAcMIQAAAgnDAEAAAIJwwBAADCCUMAAIBwwhAAACCcMAQAAAgnDAEAAMIJQwAAgHDCEAAAIJwwBAAACCcMAQAAwglDAACAcMIQAAAgnDAEAAAIJwwBAADCCUMAAIBwwhAAACCcMAQAAAgnDAEAAMIJQwAAgHDCEAAAIJwwBAAACCcMAQAAwglDAACAcMIQAAAgnDAEAAAIJwwBAADCCUMAAIBwwhAAACCcMAQAAAgnDAEAAMIJQwAAgHDCEAAAIJwwBAAACCcMAQAAwglDAACAcMIQAAAgnDAEAAAIJwwBAADCCUMAAIBwwhAAACCcMAQAAAgnDAEAAMIJQwAAgHDCEAAAIJwwBAAACCcMAQAAwglDAACAcMIQAAAgnDAEAAAIJwwBAADCCUMAAIBwwhAAACCcMAQAAAgnDAEAAMIJQwAAgHDCEAAAIJwwBAAACCcMAQAAwglDAACAcMIQAAAgnDAEAAAIJwwBAADCCUMAAIBwwhAAACCcMAQAAAgnDAEAAMIJQwAAgHDCEAAAIJwwBAAACCcMAQAAwglDAACAcMIQAAAgnDAEAAAIJwwBAADCCUMAAIBwwhAAACCcMAQAAAgnDAEAAMIJQwAAgHDCEAAAIJwwBAAACCcMAQAAwglDAACAcMIQAAAgnDAEAAAIJwwBAADCCUMAAIBwwhAAACCcMAQAAAgnDAEAAMIJQwAAgHDCEAAAIJwwBAAACCcMAQAAwglDAACAcMIQAAAgnDAEAAAIJwwBAADCCUMAAIBwwhAAACCcMAQAAAgnDAEAAMIJQwAAgHDCEAAAIJwwBAAACCcMAQAAwglDAACAcMIQAAAgnDAEAAAIJwwBAADCCUMAAIBwwhAAACCcMAQAAAgnDAEAAMIJQwAAgHDCEAAAIJwwBAAACCcMAQAAwglDAACAcMIQAAAgnDAEAAAIJwwBAADCCUMAAIBwwhAAACCcMAQAAAgnDAEAAMIJQwAAgHDCEAAAIJwwBAAACCcMAQAAwglDAACAcMIQAAAgnDAEAAAIJwwBAADCCUMAAIBwwhAAACCcMAQAAAgnDAEAAMIJQwAAgHDCEAAAIJwwBAAACCcMAQAAwglDAACAcMIQAAAgnDAEAAAIJwwBAADCCUMAAIBwwhAAACCcMAQAAAgnDAEAAMIJQwAAgHDCEAAAIJwwBAAACCcMAQAAwglDAACAcMIQAAAgnDAEAAAIJwwBAADCCUMAAIBwwhAAACCcMAQAAAgnDAEAAMIJQwAAgHDCEAAAIJwwBAAACCcMAQAAwglDAACAcMIQAAAgnDAEAAAIJwwBAADCCUMAAIBwwhAAACCcMAQAAAgnDAEAAMIJQwAAgHDCEAAAIJwwBAAACCcMAQAAwglDAACAcMIQAAAgnDAEAAAIJwwBAADCCUMAAIBwwhAAACCcMAQAAAgnDAEAAMIJQwAAgHDCEAAAIJwwBAAACCcMAQAAwglDAACAcMIQAAAgnDAEAAAIJwwBAADCCUMAAIBwwhAAACCcMAQAAAgnDAEAAMIJQwAAgHDCEAAAIJwwBAAACCcMAQAAwglDAACAcMIQAAAgnDAEAAAIJwwBAADCCUMAAIBwwhAAACCcMAQAAAgnDAEAAMIJQwAAgHDCEAAAIJwwBAAACCcMAQAAwglDAACAcMIQAAAgnDAEAAAIJwwBAADCCUMAAIBwwhAAACCcMAQAAAgnDAEAAMIJQwAAgHDCEAAAIJwwBAAACCcMAQAAwglDAACAcMIQAAAgnDAEAAAIJwwBAADCCUMAAIBwwhAAACCcMAQAAAgnDAEAAMIJQwAAgHDCEAAAIJwwBAAACCcMAQAAwglDAACAcMIQAAAgnDAEAAAIJwwBAADCCUMAAIBwwhAAACCcMAQAAAgnDAEAAMIJQwAAgHDCEAAAIJwwBAAACCcMAQAAwglDAACAcMIQAAAgnDAEAAAIJwwBAADCCUMAAIBwwhAAACCcMAQAAAgnDAEAAMIJQwAAgHDCEAAAIJwwBAAACCcMAQAAwglDAACAcMIQAAAgnDAEAAAIJwwBAADCCUMAAIBwwhAAACCcMAQAAAgnDAEAAMIJQwAAgHDCEAAAIJwwBAAACCcMAQAAwglDAACAcMIQAAAgnDAEAAAIJwwBAADCCUMAAIBwwhAAACCcMAQAAAgnDAEAAMIJQwAAgHDCEAAAIJwwBAAACCcMAQAAwglDAACAcMIQAAAgnDAEAAAIJwwBAADCCUMAAIBwwhAAACCcMAQAAAgnDAEAAMIJQwAAgHDCEAAAIJwwBAAACCcMAQAAwglDAACAcMIQAAAgnDAEAAAIJwwBAADCCUMAAIBwwhAAACCcMAQAAAgnDAEAAMIJQwAAgHDCEAAAIJwwBAAACCcMAQAAwglDAACAcMIQAAAgnDAEAAAIJwwBAADCCUMAAIBwwhAAACCcMAQAAAgnDAEAAMIJQwAAgHDCEAAAIJwwBAAACCcMAQAAwglDAACAcBeE4dmzZ2vBggW1YMGCam5urhtuuGHm56NHj17ywWfOnKn33nvvT9d/+umnevLJJ6u1tbVaWlqqr6+vDh48eGVTXIKTJ09We3v7RfdMTExUV1fXBb//q1kAAABmswvCcO7cuTU2NlZjY2O1cePGeuaZZ2Z+vvnmmy/54J9//rm2bNnyh2vT09M1MDBQN910U3333Xc1Pj5er776ao2Pj1/5JBcxPT1dTU1N9f7771/R319sFgAAgNnusj9K+vHHH9edd95Z3d3dtXbt2jp79mydOHGi7r333rr99ttr6dKltXPnznr99dfryJEjtWrVqhoaGjrvjJGRkZqYmKjXXnutrr766qqqWr58ea1Zs6aqqt55551avHhxLV68uDZt2lRVv9/mtbW11XPPPVePPfZYPfroo3Xq1KkaGho6L9o2btxYb7/9dk1MTFR7e3s9//zz9cADD9T4+Hg99dRTM/s2b95c7e3tdd9999Wzzz47c8bU1FStW7eulixZUn19fTU5OXnRWQAAAGa7qy5n8+HDh2vr1q21b9++amxsrKGhoXr33Xdr3rx51dnZWcPDw1VVderUqVq5cmUNDw/XF198ccE533//fXV1ddWcOXP+cG3z5s01MjJSjY2N1dvbWytWrKhFixbV2NhY7dmzp9ra2urNN9+st956qwYHB+uRRx6pdevW1dTUVH344Yf17bff1rlz5+qHH36oXbt2VVtbW508eXLmPQ4ePFg7duyoAwcOVENDQy1btqw6OjqqqurQoUO1ffv22rJlS61du7Z27dpVGzZs+NNZAAAAZrvLujH88ssv6+jRo9Xf31+rVq2q4eHhOn78eHV3d9cnn3xSL730Uu3fv7/mzZt3xQ/0zTff1Jo1a+r666+vuXPn1hNPPFH79u2rqqpbbrml2traqqrqwQcfrK+++qrmz59fzc3NNTo6WsPDw9XV1VXNzc1VVdXS0jKz/1/t37+/+vr6qqmpqa655poaGBiYWbv11luru7u7qqqWLVtWR44cueJZAAAAZoPLujH87bffavXq1bVt27YL1kZGRmrv3r21fv36euihh8772Oa/W7hwYW3atKmmpqb+8Nbwz5w7d27m9a+//loNDQ1VVfX000/X9u3ba2JiogYHB2f2NDU1XfLZ/9TY2Djzes6cOee9JwAAwP9Hl3Vj2NvbW7t37575kpgTJ07U2NhYHTt2rObNm1eDg4P1yiuv1OjoaF177bX1448//uE5PT09deONN9aGDRvql19+qarfbwr37t1bK1asqE8//bROnjxZk5OT9dFHH9Vdd91VVVVHjhypr7/+uqqqduzYUStXrqyqqoGBgfr8889rZGSkVq9e/ZdzLF++vD777LM6ffp0nTlzpnbv3n3R/RebBQAAYLa7rDBsaWmpbdu21cMPP1wdHR3V29tbx44dqwMHDtQdd9xRixYtqk2bNtXLL79cjY2NNTAwUK2trbV+/frzzmloaKg9e/bU8ePHq729vebPn19vvPFGtba21sKFC+vFF1+s5cuX19KlS+v++++ve+65p6qqFi1aVB988EF1dnbW4cOHa926dVX1+zep3n333fX444/XVVf99SVoR0dHrV27trq6uqq/v7+6urrquuuu+9P9F5sFAABgtmuYnp6e/rsf4lJMTExUX19fjY6OXrA2NTVVnZ2dtXPnzrrtttsu6bzTp09XU1NTTU5O1qpVq2rr1q21ZMmS/+3HBgAA+K932f+u4r/NoUOHqrW1tfr6+i45CquqXnjhherp6amenp7q7+8XhQAAQKxZc2MIAADA/41Zf2MIAADAf0YYAgAAhPsHp2LaOU+dJ5cAAAAASUVORK5CYII="
  height="452"
  width="902"
/>
`;

exports[`CanvasSaveButton Extra data - canvas overlays copyright text as function 1`] = `
<canvas
  data-snapshot-image="data:image/png;base64,iVBORw0KGgoAAAANSUhEUgAAA4YAAAHECAYAAABlfDRDAAAABmJLR0QA/wD/AP+gvaeTAAASAUlEQVR4nO3df6iW9f3H8fedZ5WysR+xcqKzdjzW1j1R26Gtqa3acUzHKLItWtGEkA3dHwvmhqO/io0xgtn+2GJ4GMRsowkjsElpOQ2SVDKEGYWjH1hmCc2arpnnsz/ie2PfeY7a11hfX48H3HDu+7ru6/pc7/+e3Ne5705rrRUAAACxzvhvLwAAAID/LmEIAAAQThgCAACEE4YAAADhhCEAAEA4YQgAABBOGAIAAIQThgAAAOGEIQAAQDhhCAAAEE4YAgAAhBOGAAAA4YQhAABAOGEIAAAQThgCAACEE4YAAADhhCEAAEA4YQgAABBOGAIAAIQThgAAAOGEIQAAQDhhCAAAEE4YAgAAhBOGAAAA4YQhAABAOGEIAAAQThgCAACEE4YAAADhhCEAAEA4YQgAABBOGAIAAIQThgAAAOGEIQAAQDhhCAAAEE4YAgAAhBOGAAAA4YQhAABAOGEIAAAQThgCAACEE4YAAADhhCEAAEA4YQgAABBOGAIAAIQThgAAAOGEIQAAQDhhCAAAEE4YAgAAhBOGAAAA4YQhAABAOGEIAAAQThgCAACEE4YAAADhhCEAAEA4YQgAABBOGAIAAIQThgAAAOGEIQAAQDhhCAAAEE4YAgAAhBOGAAAA4YQhAABAOGEIAAAQThgCAACEE4YAAADhhCEAAEA4YQgAABBOGAIAAIQThgAAAOGEIQAAQDhhCAAAEE4YAgAAhBOGAAAA4YQhAABAOGEIAAAQThgCAACEE4YAAADhhCEAAEA4YQgAABBOGAIAAIQThgAAAOGEIQAAQDhhCAAAEE4YAgAAhBOGAAAA4YQhAABAOGEIAAAQThgCAACEE4YAAADhhCEAAEA4YQgAABBOGAIAAIQThgAAAOGEIQAAQDhhCAAAEE4YAgAAhBOGAAAA4YQhAABAOGEIAAAQThgCAACEE4YAAADhhCEAAEA4YQgAABBOGAIAAIQThgAAAOGEIQAAQDhhCAAAEE4YAgAAhBOGAAAA4YQhAABAOGEIAAAQThgCAACEE4YAAADhhCEAAEA4YQgAABBOGAIAAIQThgAAAOGEIQAAQDhhCAAAEE4YAgAAhBOGAAAA4YQhAABAOGEIAAAQThgCAACEE4YAAADhhCEAAEA4YQgAABBOGAIAAIQThgAAAOGEIQAAQDhhCAAAEE4YAgAAhBOGAAAA4YQhAABAOGEIAAAQThgCAACEE4YAAADhhCEAAEA4YQgAABBOGAIAAIQThgAAAOGEIQAAQDhhCAAAEE4YAgAAhBOGAAAA4YQhAABAOGEIAAAQThgCAACEE4YAAADhhCEAAEA4YQgAABBOGAIAAIQThgAAAOGEIQAAQDhhCAAAEE4YAgAAhBOGAAAA4YQhAABAOGEIAAAQThgCAACEE4YAAADhhCEAAEA4YQgAABBOGAIAAIQThgAAAOGEIQAAQDhhCAAAEE4YAgAAhBOGAAAA4YQhAABAOGEIAAAQThgCAACEE4YAAADhhCEAAEA4YQgAABBOGAIAAIQThgAAAOGEIQAAQDhhCAAAEE4YAgAAhBOGAAAA4YQhAABAOGEIAAAQThgCAACEE4YAAADhhCEAAEA4YQgAABBOGAIAAIQThgAAAOGEIQAAQDhhCAAAEE4YAgAAhBOGAAAA4YQhAABAOGEIAAAQThgCAACEE4YAAADhhCEAAEA4YQgAABBOGAIAAIQThgAAAOGEIQAAQDhhCAAAEE4YAgAAhBOGAAAA4YQhAABAOGEIAAAQThgCAACEE4YAAADhhCEAAEA4YQgAABBOGAIAAIQThgAAAOGEIQAAQDhhCAAAEE4YAgAAhBOGAAAA4YQhAABAOGEIAAAQThgCAACEE4YAAADhhCEAAEA4YQgAABBOGAIAAIQThgAAAOGEIQAAQDhhCAAAEE4YAgAAhBOGAAAA4YQhAABAOGEIAAAQThgCAACEE4YAAADhhCEAAEA4YQgAABBOGAIAAIQThgAAAOGEIQAAQDhhCAAAEE4YAgAAhBOGAAAA4YQhAABAOGEIAAAQThgCAACEE4YAAADhhCEAAEA4YQgAABBOGAIAAIQThgAAAOGEIQAAQDhhCAAAEE4YAgAAhBOGAAAA4YQhAABAOGEIAAAQThgCAACEE4YAAADhhCEAAEA4YQgAABBOGAIAAIQThgAAAOGEIQAAQDhhCAAAEE4YAgAAhBOGAAAA4YQhAABAOGEIAAAQThgCAACEE4YAAADhhCEAAEA4YQgAABBOGAIAAIQThgAAAOGEIQAAQDhhCAAAEE4YAgAAhBOGAAAA4YQhAABAOGEIAAAQThgCAACEE4YAAADhhCEAAEA4YQgAABBOGAIAAIQThgAAAOGEIQAAQDhhCAAAEE4YAgAAhBOGAAAA4YQhAABAOGEIAAAQThgCAACEE4YAAADhhCEAAEA4YQgAABBOGAIAAIQThgAAAOGEIQAAQDhhCAAAEE4YAgAAhBOGAAAA4YQhAABAOGEIAAAQThgCAACEE4YAAADhhCEAAEA4YQgAABBOGAIAAIQThgAAAOGEIQAAQDhhCAAAEE4YAgAAhBOGAAAA4YQhAABAOGEIAAAQThgCAACEE4YAAADhhCEAAEA4YQgAABBOGAIAAIQThgAAAOGEIQAAQDhhCAAAEE4YAgAAhBOGAAAA4YQhAABAOGEIAAAQThgCAACEE4YAAADhhCEAAEA4YQgAABBOGAIAAIQThgAAAOGEIQAAQDhhCAAAEE4YAgAAhBOGAAAA4YQhAABAOGEIAAAQThgCAACEE4YAAADhhCEAAEA4YQgAABBOGAIAAIQThgAAAOGEIQAAQDhhCAAAEE4YAgAAhBOGAAAA4YQhAABAOGEIAAAQThgCAACEE4YAAADhhCEAAEA4YQgAABBOGAIAAIQThgAAAOGEIQAAQDhhCAAAEE4YAgAAhBOGAAAA4YQhAABAOGEIAAAQThgCAACEE4YAAADhhCEAAEA4YQgAABBOGAIAAIQThgAAAOGEIQAAQDhhCAAAEE4YAgAAhBOGAAAA4YQhAABAOGEIAAAQThgCAACEE4YAAADhhCEAAEA4YQgAABBOGAIAAIQThgAAAOGEIQAAQDhhCAAAEE4YAgAAhBOGAAAA4YQhAABAOGEIAAAQThgCAACEE4YAAADhhCEAAEA4YQgAABBOGAIAAIQThgAAAOGEIQAAQDhhCAAAEE4YAgAAhBOGAAAA4YQhAABAOGEIAAAQThgCAACEE4YAAADhhCEAAEA4YQgAABBOGAIAAIQThgAAAOGEIQAAQDhhCAAAEE4YAgAAhBOGAAAA4YQhAABAOGEIAAAQThgCAACEE4YAAADhhCEAAEA4YQgAABBOGAIAAIQThgAAAOGEIQAAQDhhCAAAEE4YAgAAhBOGAAAA4YQhAABAOGEIAAAQThgCAACEE4YAAADhhCEAAEA4YQgAABBOGAIAAIQThgAAAOGEIQAAQDhhCAAAEE4YAgAAhBOGAAAA4YQhAABAOGEIAAAQThgCAACEE4YAAADhhCEAAEA4YQgAABDumGH41a9+tTqdzjEfe/fuPemTjIyM1JVXXln//Oc//88LPhW2bdtWAwMDJ7Tfpz/96WNuey+v6Qc/+EGdc8459Z3vfOeUHvfoNZ/oDAAAgNNfp7XWxtphypQpdc8999SXvvSld32St956qz7wgQ/UoUOH6uyzz37XxzlV3nzzzdq3b19NmTJlzP22bdtWN910U+3ates/tr2X1/TRj360Nm/eXN1u95Qe9+g1dzqdE5oBAABw+ntXt5L+/ve/r8HBwZo1a1ZdccUV9eSTT1ZV1YEDB+qaa66pCy+8sGbNmlU//OEPq7VWt9xyS1VVXXbZZbV///53HOvXv/51XXzxxdXtdmv+/Pn14osvVlXV3XffXd1ut2bMmFFDQ0P11FNPVdXbsdbtdusb3/hGLVq0qObMmVPbt2+vqqolS5bUihUresf+3e9+V9dcc01t2bKlPve5z9UXvvCFmjp1am3durWuvPLK3n4///nPa9q0aTV79uz6/ve/XxdccEFv28GDB+vGG2+sadOm1fTp0+vhhx+uqhrzmn7605/W4OBgzZ49u7rdbq1fv37M+RxtwYIFdeDAgfrWt75Vd9xxR332s5/tbXv00Udr1qxZvTlccsklddNNN9XQ0FDNnDmzNm3aNOZcj17zxo0b3zGDseY91nkAAIDTQDuOyZMnt0ceeaT3fPv27W3GjBnttddea621tmXLljZ16tR25MiRNjw83BYtWtRaa+3NN99sN998c3v++efb4cOHW1W1Q4cOvePYW7ZsaRMnTmx79uxprbX2s5/9rH3ve99rDz74YPvkJz/Z9u7d21pr7Z577mnTp09vhw8fblu3bm19fX1t586drbXWNm7c2AYGBtrIyEh74okn2ic+8Yl2+PDh1lpr8+bNa+vWrWuPPfZY63Q6befOne3QoUNt69atbdq0aa211h566KE2MDDQ9u/f30ZGRtqSJUva+eef31prbevWra3T6bT169e31lr71a9+1YaGhlprbdRr2rlzZ7vqqqt6rw8PD7fLLrus9/ex5vO/ffCDH2wvvfRS27x5c+t2u73XN2/e3GbOnNlbW19fX9u1a1drrbVVq1a1OXPmjDnXo9d89AxOZN7HOg8AAHB6OOlPDNetW1fPPvtszZ49u/r7++uGG26o119/vV544YWaN29ePfbYY/XlL3+5Vq5cWStWrBjzVsUNGzbU1772tZo0aVJVVS1fvrzuuuuu2rx5cy1atKjOO++8qqq68cYb69VXX61nnnmmqqq63W7vNsvLL7+89u3bV3/7299q5syZ9alPfarWrl1bu3btqj179tTQ0FBVVU2ePLm63e5/3Pb55z//uRYtWlQf+9jHqtPp1LJly96xfdKkSXXVVVdVVdWll15azz333Jjz6Xa7NTw8XPfee28tX768Vq1aVQcOHKiqOun5HM/kyZProosu6p33fz65HG2uoznevEc7DwAAcHo46TA8cuRIff3rX6/du3f3Hjt27KgpU6ZUf39/7d69u5YvX1579uypuXPn1oYNG0Y9Vl9fX3U6nd7zN954o55++ukaGRk55v5vvfXWf7zWWqt//etfNW7cuKqqWrp0aQ0PD9fw8HAtWbKkzjjj7Uv88Ic/POoaRjtfVdWHPvSh3t+dTmfMfavevt3z85//fL388su1cOHCuvXWW3u3i57sfDqdTh0+fLj3/O9///s7th8duWeccUbvPKPNdTTHm/do5wEAAE4PJx2G8+fPr/vvv7/3P2h/+MMf6otf/GKNjIzUypUr67vf/W4NDQ3VL37xi5o7d27t2LGjxo0bV2eeeWYdPHjwHce64oor6oEHHqh9+/ZVVdUvf/nLuu222+orX/lK/fGPf+x9A+rq1atr/PjxvW8I3blzZz3++ONVVfXb3/62+vv76/zzz6+qqmuvvbZ27NhRa9asqcWLFx/3ehYuXFhr1qyp/fv3V2utfvOb35zQHEa7pvXr19fll19eP/rRj2revHm1bt263jeXjjaf0Zx77rm1Z8+e2rt3bx05cqRWr159Qmsbba6jrfl48wYAAE5vfSf7hksvvbTuuuuuuu6662rcuHE1YcKE+tOf/lR9fX21ePHiWrx4cX3mM5+p8ePH18DAQC1ZsqQ6nU5dffXVNX369Hr00Ud7tyUODg7W7bffXvPnz6+RkZGaOnVqrVq1qs4999z68Y9/3Hv9nHPOqbVr11Zf39vLnThxYv3kJz+p3bt310c+8pG67777eus788wz69prr619+/bVxz/+8eNez7x582rZsmU1Z86cOuuss6rb7daECROO+77Rrunb3/52ffOb36zBwcEaGRmphQsX1iuvvFKHDh0adT6jGRgYqGXLltXs2bNr4sSJdf3119df//rX465ttLkeveaVK1f29p87d+6Y8wYAAE5vx/25ivebsX5CoqrqH//4R82dO7fuvvvuGhwcPO7xtm/fXlu2bKmlS5dWVdWdd95Z27Ztq3vvvfeUrhsAAOD96l39XMX71bp162rKlCm1YMGCE4rCqqrp06fXpk2bqr+/v/r7++svf/lL3Xnnne/xSgEAAN4//t99YggAAMCpdVp9YggAAMDJE4YAAADh/g2iHiOvOAr31wAAAABJRU5ErkJggg=="
  height="452"
  width="902"
/>
`;

exports[`CanvasSaveButton Extra data - canvas overlays copyright text as text 1`] = `
<canvas
  data-snapshot-image="data:image/png;base64,iVBORw0KGgoAAAANSUhEUgAAA4YAAAHECAYAAABlfDRDAAAABmJLR0QA/wD/AP+gvaeTAAAQZElEQVR4nO3dW4jV1d/H8e+oWBpRFKKFpxwPJZOkJFI5SppGBZFoB8QKIYzQm24K7KouuikhuwkpLDqfhKhE6WQnUBolQ8goDEsEMYUOqOVh1nMRDMRfLfs/D+Xzeb1gw957/X5r/da+e/Ob2bujtdYKAACAWP3+6QsAAADgnyUMAQAAwglDAACAcMIQAAAgnDAEAAAIJwwBAADCCUMAAIBwwhAAACCcMAQAAAgnDAEAAMIJQwAAgHDCEAAAIJwwBAAACCcMAQAAwglDAACAcMIQAAAgnDAEAAAIJwwBAADCCUMAAIBwwhAAACCcMAQAAAgnDAEAAMIJQwAAgHDCEAAAIJwwBAAACCcMAQAAwglDAACAcMIQAAAgnDAEAAAIJwwBAADCCUMAAIBwwhAAACCcMAQAAAgnDAEAAMIJQwAAgHDCEAAAIJwwBAAACCcMAQAAwglDAACAcMIQAAAgnDAEAAAIJwwBAADCCUMAAIBwwhAAACCcMAQAAAgnDAEAAMIJQwAAgHDCEAAAIJwwBAAACCcMAQAAwglDAACAcMIQAAAgnDAEAAAIJwwBAADCCUMAAIBwwhAAACCcMAQAAAgnDAEAAMIJQwAAgHDCEAAAIJwwBAAACCcMAQAAwglDAACAcMIQAAAgnDAEAAAIJwwBAADCCUMAAIBwwhAAACCcMAQAAAgnDAEAAMIJQwAAgHDCEAAAIJwwBAAACCcMAQAAwglDAACAcMIQAAAgnDAEAAAIJwwBAADCCUMAAIBwwhAAACCcMAQAAAgnDAEAAMIJQwAAgHDCEAAAIJwwBAAACCcMAQAAwglDAACAcMIQAAAgnDAEAAAIJwwBAADCCUMAAIBwwhAAACCcMAQAAAgnDAEAAMIJQwAAgHDCEAAAIJwwBAAACCcMAQAAwglDAACAcMIQAAAgnDAEAAAIJwwBAADCCUMAAIBwwhAAACCcMAQAAAgnDAEAAMIJQwAAgHDCEAAAIJwwBAAACCcMAQAAwglDAACAcMIQAAAgnDAEAAAIJwwBAADCCUMAAIBwwhAAACCcMAQAAAgnDAEAAMIJQwAAgHDCEAAAIJwwBAAACCcMAQAAwglDAACAcMIQAAAgnDAEAAAIJwwBAADCCUMAAIBwwhAAACCcMAQAAAgnDAEAAMIJQwAAgHDCEAAAIJwwBAAACCcMAQAAwglDAACAcMIQAAAgnDAEAAAIJwwBAADCCUMAAIBwwhAAACCcMAQAAAgnDAEAAMIJQwAAgHDCEAAAIJwwBAAACCcMAQAAwglDAACAcMIQAAAgnDAEAAAIJwwBAADCCUMAAIBwwhAAACCcMAQAAAgnDAEAAMIJQwAAgHDCEAAAIJwwBAAACCcMAQAAwglDAACAcMIQAAAgnDAEAAAIJwwBAADCCUMAAIBwwhAAACCcMAQAAAgnDAEAAMIJQwAAgHDCEAAAIJwwBAAACCcMAQAAwglDAACAcMIQAAAgnDAEAAAIJwwBAADCCUMAAIBwwhAAACCcMAQAAAgnDAEAAMIJQwAAgHDCEAAAIJwwBAAACCcMAQAAwglDAACAcMIQAAAgnDAEAAAIJwwBAADCCUMAAIBwwhAAACCcMAQAAAgnDAEAAMIJQwAAgHDCEAAAIJwwBAAACCcMAQAAwglDAACAcMIQAAAgnDAEAAAIJwwBAADCCUMAAIBwwhAAACCcMAQAAAgnDAEAAMIJQwAAgHDCEAAAIJwwBAAACCcMAQAAwglDAACAcMIQAAAgnDAEAAAIJwwBAADCCUMAAIBwwhAAACCcMAQAAAgnDAEAAMIJQwAAgHDCEAAAIJwwBAAACCcMAQAAwglDAACAcMIQAAAgnDAEAAAIJwwBAADCCUMAAIBwwhAAACCcMAQAAAgnDAEAAMIJQwAAgHDCEAAAIJwwBAAACCcMAQAAwglDAACAcMIQAAAgnDAEAAAIJwwBAADCCUMAAIBwwhAAACCcMAQAAAgnDAEAAMIJQwAAgHDCEAAAIJwwBAAACCcMAQAAwglDAACAcMIQAAAgnDAEAAAIJwwBAADCCUMAAIBwwhAAACCcMAQAAAgnDAEAAMIJQwAAgHDCEAAAIJwwBAAACCcMAQAAwglDAACAcMIQAAAgnDAEAAAIJwwBAADCCUMAAIBwwhAAACCcMAQAAAgnDAEAAMIJQwAAgHDCEAAAIJwwBAAACCcMAQAAwglDAACAcMIQAAAgnDAEAAAIJwwBAADCCUMAAIBwwhAAACCcMAQAAAgnDAEAAMIJQwAAgHDCEAAAIJwwBAAACCcMAQAAwglDAACAcMIQAAAgnDAEAAAIJwwBAADCCUMAAIBwwhAAACCcMAQAAAgnDAEAAMIJQwAAgHDCEAAAIJwwBAAACCcMAQAAwglDAACAcMIQAAAgnDAEAAAIJwwBAADCCUMAAIBwwhAAACCcMAQAAAgnDAEAAMIJQwAAgHDCEAAAIJwwBAAACCcMAQAAwglDAACAcMIQAAAgnDAEAAAIJwwBAADCCUMAAIBwwhAAACCcMAQAAAgnDAEAAMIJQwAAgHDCEAAAIJwwBAAACCcMAQAAwglDAACAcMIQAAAgnDAEAAAIJwwBAADCCUMAAIBwwhAAACCcMAQAAAgnDAEAAMIJQwAAgHDCEAAAIJwwBAAACCcMAQAAwglDAACAcMIQAAAgnDAEAAAIJwwBAADCCUMAAIBwwhAAACCcMAQAAAgnDAEAAMIJQwAAgHDCEAAAIJwwBAAACCcMAQAAwglDAACAcMIQAAAgnDAEAAAIJwwBAADCCUMAAIBwwhAAACCcMAQAAAgnDAEAAMIJQwAAgHDCEAAAIJwwBAAACCcMAQAAwglDAACAcMIQAAAgnDAEAAAIJwwBAADCCUMAAIBwwhAAACCcMAQAAAgnDAEAAMIJQwAAgHDCEAAAIJwwBAAACCcMAQAAwglDAACAcMIQAAAgnDAEAAAIJwwBAADCCUMAAIBwwhAAACCcMAQAAAgnDAEAAMIJQwAAgHDCEAAAIJwwBAAACCcMAQAAwglDAACAcMIQAAAgnDAEAAAIJwwBAADCCUMAAIBwwhAAACCcMAQAAAgnDAEAAMIJQwAAgHDCEAAAIJwwBAAACCcMAQAAwglDAACAcMIQAAAgnDAEAAAIJwwBAADCCUMAAIBwwhAAACCcMAQAAAgnDAEAAMIJQwAAgHDCEAAAIJwwBAAACCcMAQAAwglDAACAcMIQAAAgnDAEAAAIJwwBAADCCUMAAIBwwhAAACCcMAQAAAgnDAEAAMIJQwAAgHDCEAAAIJwwBAAACCcMAQAAwglDAACAcMIQAAAgnDAEAAAIJwwBAADCCUMAAIBwwhAAACCcMAQAAAgnDAEAAMIJQwAAgHDCEAAAIJwwBAAACCcMAQAAwglDAACAcMIQAAAgnDAEAAAIJwwBAADCCUMAAIBwwhAAACCcMAQAAAgnDAEAAMIJQwAAgHDCEAAAIJwwBAAACCcMAQAAwglDAACAcMIQAAAgnDAEAAAIJwwBAADCHTcMr7vuuuro6DjuY8+ePae8SG9vb82aNat+/fXX/xg7evRoPfroozVx4sQaMmRIjRw5spYvX16HDx8+9d38DZs3b65x48b9peMuueSS446dbH8AAAD/dscNw3Xr1lVrrVprNXz48NqwYUPf62HDhp3yIr29vbVhw4bjji1ZsqTefvvteuutt+qHH36onp6e6unpqbvvvvuU1/k7Lr300vrggw/+qzlOtj8AAIB/u7/1p6Qvv/xyTZ06tSZPnlxXX311ffHFF1VV9fPPP9e8efNqwoQJNXny5Lr//vurtVZ33XVXVVVdeeWVtX///r55vv7663r22Wfr1Vdfrc7OzqqqGjp0aD399NPV3d3dd9yqVauqq6urJk2aVHPmzKmvvvqqqn6/i9fV1VW33HJLLViwoKZPn15btmypqt+Dc/ny5X1zvPDCCzVv3rzatGlTXX755XXFFVfUqFGjqqenp2bNmtV33COPPFJjx46tKVOm1L333lsXXXRR39jBgwdr0aJFNXbs2Bo/fnxfUJ5ofwAAAKeF9ieGDx/eNmzY0Pd6y5YtbdKkSe3HH39srbW2adOmNmrUqHbs2LG2evXqtmDBgtZaa7/99lu788472/fff9+OHDnSqqodOnToD3M///zzbcKECSdd/5133mkjR45se/bsaa219txzz7Xx48e3I0eOtJ6enjZgwIC2bdu21lprH374YRs3blzr7e1tn3/+ebvgggvakSNHWmutzZgxo61fv75t3LixdXR0tG3btrVDhw61np6eNnbs2NZaa++++24bN25c279/f+vt7W1Llixpo0ePbq211tPT0zo6Otp7773XWmvtiSeeaHPmzGmttRPuDwAA4HRwyncM169fXzt37qwpU6ZUZ2dnLVy4sH755ZfatWtXzZgxozZu3FjXXHNNrVy5spYvX14jRow44Vz9+vWrQYMGnXS9Tz75pBYsWFBDhw6tqqpFixbVvn376ptvvqmqqq6ururq6qqqqpkzZ9bevXvr22+/rcsuu6zGjBlTa9eure3bt9fu3btrzpw5VVU1fPjw6urqqjPPPPMPa61bt64WLFhQ5513XnV0dNSyZcv+MH7hhRfW7Nmzq6pq2rRp9d13353CJwcAAPDvdMpheOzYsbrxxhtrx44dfY+tW7fWiBEjqrOzs3bs2FH33Xdf7d69u7q7u+v9998/4VzTpk2rL7/8svbt2/eH93fv3l0zZ86sAwcOVG9v73HPPXr06H+811qrw4cPV//+/auqaunSpbV69epavXp1LVmypPr1+32755xzznHnHDBgwAnXq6o6++yz+553dHSc9FgAAIDTxSmH4dy5c+vNN9/s+z+/V155pa666qrq7e2tlStX1j333FNz5sypxx57rLq7u2vr1q3Vv3//GjhwYB08ePAPc40ZM6ZuvfXWuu2222rnzp1VVbVr16664447atSoUXXWWWfVtddeW6+//nrft6G++OKLNWjQoL5vCN22bVt99tlnVVX1zDPPVGdnZ40ePbqqqubPn19bt26tNWvW1OLFi/90bzfccEOtWbOm9u/fX621evLJJ//SZ3Ki/QEAAJwOBpzqCdOmTavHH3+8br755urfv38NHjy43njjjRowYEAtXry4Fi9eXBMnTqxBgwbVuHHjasmSJdXR0VE33XRTjR8/vj799NO6+OKL++Z76qmn6qGHHqrZs2fXTz/9VIMHD66FCxfWgw8+WFVV3d3d9cADD9TcuXOrt7e3zj///Fq7dm0NGPD7pQ8bNqwefvjh2rFjR5177rn12muv9c09cODAmj9/fu3du7eGDBnyp3ubMWNGLVu2rKZPn15nnHFGdXV11eDBg//0vJPtDwAA4N+uo7XW/umL+Ls2b95ct99+e23fvv244wcOHKju7u5atWpVTZ069U/n27JlS23atKmWLl1aVVUrVqyozZs310svvfS/et0AAAD/Jn/r5ypOB+vXr68RI0bU9ddf/5eisKpq/Pjx9fHHH1dnZ2d1dnbWRx99VCtWrPg/vlIAAIB/1ml9xxAAAID/3v/bO4YAAAD8NcIQAAAg3P8AblV475OooQMAAAAASUVORK5CYII="
  height="452"
  width="902"
/>
`;

exports[`CanvasSaveButton should export extent 1`] = `
<canvas
  data-snapshot-image="data:image/png;base64,iVBORw0KGgoAAAANSUhEUgAAAkUAAAGQCAYAAACgZRTAAAAABmJLR0QA/wD/AP+gvaeTAAAG9ElEQVR4nO3WQQ0AIBDAsIF/z4cMSGgV7Lk1MxMAwOf27QAAgBeYIgCATBEAQGWKAAAqUwQAUJkiAIDKFAEAVKYIAKAyRQAAlSkCAKhMEQBAZYoAACpTBABQmSIAgMoUAQBUpggAoDJFAACVKQIAqEwRAEBligAAKlMEAFCZIgCAyhQBAFSmCACgMkUAAJUpAgCoTBEAQGWKAAAqUwQAUJkiAIDKFAEAVKYIAKAyRQAAlSkCAKhMEQBAZYoAACpTBABQmSIAgMoUAQBUpggAoDJFAACVKQIAqEwRAEBligAAKlMEAFCZIgCAyhQBAFSmCACgMkUAAJUpAgCoTBEAQGWKAAAqUwQAUJkiAIDKFAEAVKYIAKAyRQAAlSkCAKhMEQBAZYoAACpTBABQmSIAgMoUAQBUpggAoDJFAACVKQIAqEwRAEBligAAKlMEAFCZIgCAyhQBAFSmCACgMkUAAJUpAgCoTBEAQGWKAAAqUwQAUJkiAIDKFAEAVKYIAKAyRQAAlSkCAKhMEQBAZYoAACpTBABQmSIAgMoUAQBUpggAoDJFAACVKQIAqEwRAEBligAAKlMEAFCZIgCAyhQBAFSmCACgMkUAAJUpAgCoTBEAQGWKAAAqUwQAUJkiAIDKFAEAVKYIAKAyRQAAlSkCAKhMEQBAZYoAACpTBABQmSIAgMoUAQBUpggAoDJFAACVKQIAqEwRAEBligAAKlMEAFCZIgCAyhQBAFSmCACgMkUAAJUpAgCoTBEAQGWKAAAqUwQAUJkiAIDKFAEAVKYIAKAyRQAAlSkCAKhMEQBAZYoAACpTBABQmSIAgMoUAQBUpggAoDJFAACVKQIAqEwRAEBligAAKlMEAFCZIgCAyhQBAFSmCACgMkUAAJUpAgCoTBEAQGWKAAAqUwQAUJkiAIDKFAEAVKYIAKAyRQAAlSkCAKhMEQBAZYoAACpTBABQmSIAgMoUAQBUpggAoDJFAACVKQIAqEwRAEBligAAKlMEAFCZIgCAyhQBAFSmCACgMkUAAJUpAgCoTBEAQGWKAAAqUwQAUJkiAIDKFAEAVKYIAKAyRQAAlSkCAKhMEQBAZYoAACpTBABQmSIAgMoUAQBUpggAoDJFAACVKQIAqEwRAEBligAAKlMEAFCZIgCAyhQBAFSmCACgMkUAAJUpAgCoTBEAQGWKAAAqUwQAUJkiAIDKFAEAVKYIAKAyRQAAlSkCAKhMEQBAZYoAACpTBABQmSIAgMoUAQBUpggAoDJFAACVKQIAqEwRAEBligAAKlMEAFCZIgCAyhQBAFSmCACgMkUAAJUpAgCoTBEAQGWKAAAqUwQAUJkiAIDKFAEAVKYIAKAyRQAAlSkCAKhMEQBAZYoAACpTBABQmSIAgMoUAQBUpggAoDJFAACVKQIAqEwRAEBligAAKlMEAFCZIgCAyhQBAFSmCACgMkUAAJUpAgCoTBEAQGWKAAAqUwQAUJkiAIDKFAEAVKYIAKAyRQAAlSkCAKhMEQBAZYoAACpTBABQmSIAgMoUAQBUpggAoDJFAACVKQIAqEwRAEBligAAKlMEAFCZIgCAyhQBAFSmCACgMkUAAJUpAgCoTBEAQGWKAAAqUwQAUJkiAIDKFAEAVKYIAKAyRQAAlSkCAKhMEQBAZYoAACpTBABQmSIAgMoUAQBUpggAoDJFAACVKQIAqEwRAEBligAAKlMEAFCZIgCAyhQBAFSmCACgMkUAAJUpAgCoTBEAQGWKAAAqUwQAUJkiAIDKFAEAVKYIAKAyRQAAlSkCAKhMEQBAZYoAACpTBABQmSIAgMoUAQBUpggAoDJFAACVKQIAqEwRAEBligAAKlMEAFCZIgCAyhQBAFSmCACgMkUAAJUpAgCoTBEAQGWKAAAqUwQAUJkiAIDKFAEAVKYIAKAyRQAAlSkCAKhMEQBAZYoAACpTBABQmSIAgMoUAQBUpggAoDJFAACVKQIAqEwRAEBligAAKlMEAFCZIgCAyhQBAFSmCACgMkUAAJUpAgCoTBEAQGWKAAAqUwQAUJkiAIDKFAEAVKYIAKAyRQAAlSkCAKhMEQBAZYoAACpTBABQmSIAgMoUAQBUpggAoDJFAACVKQIAqEwRAEBligAAKlMEAFCZIgCAyhQBAFSmCACgMkUAAJUpAgCoTBEAQGWKAAAqUwQAUJkiAIDKFAEAVKYIAKAyRQAAlSkCAKhMEQBAZYoAACpTBABQmSIAgMoUAQBUpggAoDJFAACVKQIAqEwRAEBligAAKlMEAFCZIgCAyhQBAFSmCACgMkUAAJUpAgCoTBEAQGWKAAAqUwQAUJkiAIDKFAEAVKYIAKAyRQAAlSkCAKhMEQBAZYoAACpTBABQmSIAgMoUAQBUdQCGYQccFVz8JgAAAABJRU5ErkJggg=="
  height="400"
  width="581"
/>
`;

exports[`CanvasSaveButton should match snapshot. 1`] = `
<div
  aria-label="Karte als Bild speichern."
  className="tm-canvas-save-button"
  onClick={[Function]}
  onKeyPress={[Function]}
  role="button"
  tabIndex={0}
  title="Karte als Bild speichern."
>
  <svg
    baseProfile="tiny"
    fill="currentColor"
    focusable={false}
    height="1em"
    stroke="currentColor"
    strokeWidth="0"
    style={
      Object {
        "color": undefined,
      }
    }
    version="1.2"
    viewBox="0 0 24 24"
    width="1em"
    xmlns="http://www.w3.org/2000/svg"
  >
    <circle
      cx="8.5"
      cy="8.501"
      r="2.5"
    />
    <path
      d="M16 10c-2 0-3 3-4.5 3s-1.499-1-3.5-1c-2 0-3.001 4-3.001 4h14.001s-1-6-3-6zM20 3h-16c-1.103 0-2 .897-2 2v12c0 1.103.897 2 2 2h16c1.103 0 2-.897 2-2v-12c0-1.103-.897-2-2-2zm0 14h-16v-12h16v12z"
    />
  </svg>
</div>
`;
