// Jest Snapshot v1, https://goo.gl/fbAQLP

exports[`OLE matches snapshots 1`] = `
<div
  className="tm-ole"
/>
`;
